Fetching DEX volume data from DefiLlama...
Saved 50 DEXs to data/dexs.json
Top DEX: PumpSwap — $1,022,824,424 (24h volume)
Total 24h volume (all DEXs): $7,154,867,619
Last updated: 2026-03-16 07:28 KST
Fetching DEX volume data from DefiLlama...
Saved 50 DEXs to data/dexs.json
Top DEX: PumpSwap — $1,022,824,424 (24h volume)
Total 24h volume (all DEXs): $7,154,867,619
Last updated: 2026-03-16 07:28 KST
Fetching chain TVL data from DefiLlama...
Note: Bridge volume endpoints require Pro API key
Saved 15 chains to data/bridges.json
Top chain by TVL: Ethereum — $59,945,253,640
Total TVL tracked: $95,245,647,693
Last updated: 2026-03-16 07:29 KST

==================================================
🚀 Running scripts/update_fees.py
==================================================

==================================================
🚀 Running scripts/update_dexs.py
==================================================

==================================================
🚀 Running scripts/update_bridges.py
==================================================

✅ All scripts completed
